// Jest Snapshot v1, https://goo.gl/fbAQLP

exports[`Shallow Render StoreCard component Match Snapshot of StoreCard component 1`] = `
<div
  className="shopItem1 ShopItem"
>
  <p
    className="ItemLabel"
  >
    TestName
  </p>
</div>
`;
