// Jest Snapshot v1, https://goo.gl/fbAQLP

exports[`Renders Toolbar renders Toolbar component 1`] = `
<ContextConsumer>
  <Component />
</ContextConsumer>
`;
